Copyright 1986-2015 Xilinx, Inc. All Rights Reserved.
------------------------------------------------------------------------------------
| Tool Version : Vivado v.2015.4 (win64) Build 1412921 Wed Nov 18 09:43:45 MST 2015
| Date         : Wed Apr 11 17:42:17 2018
| Host         : Asus running 64-bit major release  (build 9200)
| Command      : report_control_sets -verbose -file main_control_sets_placed.rpt
| Design       : main
| Device       : xc7a100t
------------------------------------------------------------------------------------

Control Set Information

Table of Contents
-----------------
1. Summary
2. Flip-Flop Distribution
3. Detailed Control Set Information

1. Summary
----------

+-------------------------------------------------------------------+-------+
|                               Status                              | Count |
+-------------------------------------------------------------------+-------+
| Number of unique control sets                                     |    73 |
| Minimum Number of register sites lost to control set restrictions |   131 |
+-------------------------------------------------------------------+-------+


2. Flip-Flop Distribution
-------------------------

+--------------+-----------------------+------------------------+-----------------+--------------+
| Clock Enable | Synchronous Set/Reset | Asynchronous Set/Reset | Total Registers | Total Slices |
+--------------+-----------------------+------------------------+-----------------+--------------+
| No           | No                    | No                     |              16 |           11 |
| No           | No                    | Yes                    |             278 |           90 |
| No           | Yes                   | No                     |               0 |            0 |
| Yes          | No                    | No                     |            3054 |          744 |
| Yes          | No                    | Yes                    |             684 |          184 |
| Yes          | Yes                   | No                     |             405 |           93 |
+--------------+-----------------------+------------------------+-----------------+--------------+


3. Detailed Control Set Information
-----------------------------------

+--------------------+-------------------------------------------------------------------------------------------------------+---------------------------------------------------------------------------------------------------------------------------------------------------------------------+------------------+----------------+
|    Clock Signal    |                                             Enable Signal                                             |                                                                           Set/Reset Signal                                                                          | Slice Load Count | Bel Load Count |
+--------------------+-------------------------------------------------------------------------------------------------------+---------------------------------------------------------------------------------------------------------------------------------------------------------------------+------------------+----------------+
|  wr_clk_BUFG       |                                                                                                       | FIFO/U0/inst_fifo_gen/gconvfifo.rf/grf.rf/rstblk/rst_wr_reg2                                                                                                        |                1 |              1 |
|  wr_clk_BUFG       |                                                                                                       | FIFO/U0/inst_fifo_gen/gconvfifo.rf/grf.rf/rstblk/rst_d2                                                                                                             |                1 |              1 |
|  clk_out_OBUF_BUFG |                                                                                                       | FIFO/U0/inst_fifo_gen/gconvfifo.rf/grf.rf/rstblk/gc0.count_reg[0][2]                                                                                                |                1 |              1 |
|  clk_out_OBUF_BUFG |                                                                                                       | FIFO/U0/inst_fifo_gen/gconvfifo.rf/grf.rf/rstblk/rst_rd_reg2                                                                                                        |                1 |              1 |
|  clk_IBUF_BUFG     | UUT/calc_i/floating_point_0/U0/i_synth/need_combiner.use_3to1_fma.skid_buffer_combiner/reg1_a_tdata   |                                                                                                                                                                     |                1 |              2 |
|  wr_clk_BUFG       |                                                                                                       | FIFO/U0/inst_fifo_gen/gconvfifo.rf/grf.rf/rstblk/ngwrdrst.grst.g7serrst.wr_rst_reg[1]_i_1_n_0                                                                       |                2 |              2 |
|  wr_clk_BUFG       |                                                                                                       |                                                                                                                                                                     |                1 |              2 |
|  clk_out_OBUF_BUFG |                                                                                                       | reset_IBUF                                                                                                                                                          |                1 |              2 |
|  clk_out_OBUF_BUFG |                                                                                                       | FIFO/U0/inst_fifo_gen/gconvfifo.rf/grf.rf/rstblk/ngwrdrst.grst.g7serrst.rd_rst_reg[2]_i_1_n_0                                                                       |                1 |              3 |
|  clk_IBUF_BUFG     | aclken3                                                                                               | UUT/calc_i/floating_point_2/U0/i_synth/FMA_OP.OP/addsub/add/ALIGN_BLK/aligner.ALIGN_SHIFT/ALIGN_SHIFT/MUX_LOOP[1].DEL_SHIFT/i_pipe/opt_has_pipe.first_q[49]_i_1_n_0 |                1 |              4 |
|  clk_out_OBUF_BUFG |                                                                                                       |                                                                                                                                                                     |                2 |              4 |
|  clk_IBUF_BUFG     | aclken3                                                                                               | UUT/calc_i/floating_point_0/U0/i_synth/FMA_OP.OP/addsub/add/ALIGN_BLK/aligner.ALIGN_SHIFT/ALIGN_SHIFT/MUX_LOOP[1].DEL_SHIFT/i_pipe/opt_has_pipe.first_q[45]_i_1_n_0 |                1 |              4 |
|  clk_IBUF_BUFG     | aclken3                                                                                               | UUT/calc_i/floating_point_0/U0/i_synth/FMA_OP.OP/addsub/add/ALIGN_BLK/aligner.ALIGN_SHIFT/ALIGN_SHIFT/MUX_LOOP[1].DEL_SHIFT/i_pipe/opt_has_pipe.first_q[49]_i_1_n_0 |                1 |              4 |
|  clk_IBUF_BUFG     | aclken3                                                                                               | UUT/calc_i/floating_point_2/U0/i_synth/FMA_OP.OP/addsub/add/ALIGN_BLK/aligner.ALIGN_SHIFT/ALIGN_SHIFT/MUX_LOOP[1].DEL_SHIFT/i_pipe/opt_has_pipe.first_q[45]_i_1_n_0 |                2 |              4 |
|  clk_IBUF_BUFG     | aclken3                                                                                               | UUT/calc_i/floating_point_0/U0/i_synth/FMA_OP.OP/addsub/add/NORM/LZE/ENCODE[0].MUX_Z/OP_DEL/i_pipe/opt_has_pipe.first_q_reg[50]_0                                   |                3 |              8 |
|  clk_IBUF_BUFG     | aclken3                                                                                               | UUT/calc_i/floating_point_2/U0/i_synth/FMA_OP.OP/addsub/add/NORM/LZE/ENCODE[0].MUX_Z/OP_DEL/i_pipe/opt_has_pipe.first_q_reg[50]_0                                   |                3 |              8 |
|  clk_IBUF_BUFG     | aclken3                                                                                               | UUT/calc_i/floating_point_1/U0/i_synth/ADDSUB_OP.ADDSUB/SPEED_OP.DSP.OP/DSP48E1_BODY.ALIGN_ADD/SHIFT_DELAY/i_pipe/opt_has_pipe.first_q[15]_i_1_n_0                  |                2 |              8 |
|  clk_IBUF_BUFG     | aclken3                                                                                               | UUT/calc_i/floating_point_1/U0/i_synth/ADDSUB_OP.ADDSUB/SPEED_OP.DSP.OP/DSP48E1_BODY.EXP/BMA_EXP_DELAY/i_pipe/opt_has_pipe.first_q_reg[0]_0                         |                2 |              8 |
|  clk_IBUF_BUFG     | aclken3                                                                                               | UUT/calc_i/floating_point_1/U0/i_synth/ADDSUB_OP.ADDSUB/SPEED_OP.DSP.OP/DSP48E1_BODY.EXP/DEC_STATE_PRE_OP_DELAY/i_pipe/RESULT_REG.NORMAL.exp_op_reg[7][0]           |                2 |              8 |
|  clk_IBUF_BUFG     |                                                                                                       |                                                                                                                                                                     |                8 |             10 |
|  clk_IBUF_BUFG     | aclken3                                                                                               | UUT/calc_i/floating_point_2/U0/i_synth/FMA_OP.OP/addsub/add/ALIGN_BLK/ABS_DELAY/i_pipe/opt_has_pipe.first_q_reg[12]                                                 |                5 |             12 |
|  clk_IBUF_BUFG     | aclken3                                                                                               | UUT/calc_i/floating_point_0/U0/i_synth/FMA_OP.OP/addsub/add/ALIGN_BLK/ABS_DELAY/i_pipe/opt_has_pipe.first_q_reg[12]                                                 |                5 |             12 |
|  clk_IBUF_BUFG     | aclken3                                                                                               | UUT/calc_i/floating_point_1/U0/i_synth/ADDSUB_OP.ADDSUB/SPEED_OP.DSP.OP/DSP48E1_BODY.NORM_RND/FULL_USAGE_DSP.LOD/NORM_DELAY/i_pipe/opt_has_pipe.first_q[15]_i_1_n_0 |                2 |             15 |
|  clk_IBUF_BUFG     | aclken3                                                                                               | UUT/calc_i/floating_point_2/U0/i_synth/FMA_OP.OP/addsub/add/ALIGN_BLK/aligner.ALIGN_SHIFT/ALIGN_SHIFT/MUX_LOOP[0].DEL_SHIFT/i_pipe/opt_has_pipe.first_q[33]_i_1_n_0 |                4 |             16 |
|  clk_IBUF_BUFG     | aclken3                                                                                               | UUT/calc_i/floating_point_2/U0/i_synth/FMA_OP.OP/addsub/add/ALIGN_BLK/aligner.ALIGN_SHIFT/ALIGN_SHIFT/MUX_LOOP[0].DEL_SHIFT/i_pipe/opt_has_pipe.first_q[49]_i_1_n_0 |                2 |             16 |
|  clk_IBUF_BUFG     | aclken3                                                                                               | UUT/calc_i/floating_point_0/U0/i_synth/FMA_OP.OP/addsub/add/ALIGN_BLK/aligner.ALIGN_SHIFT/ALIGN_SHIFT/MUX_LOOP[0].DEL_SHIFT/i_pipe/opt_has_pipe.first_q[33]_i_1_n_0 |                4 |             16 |
|  clk_IBUF_BUFG     | aclken3                                                                                               | UUT/calc_i/floating_point_0/U0/i_synth/FMA_OP.OP/addsub/add/ALIGN_BLK/aligner.ALIGN_SHIFT/ALIGN_SHIFT/MUX_LOOP[0].DEL_SHIFT/i_pipe/opt_has_pipe.first_q[49]_i_1_n_0 |                2 |             16 |
|  clk_IBUF_BUFG     | aclken3                                                                                               | UUT/calc_i/floating_point_1/U0/i_synth/sclr_i                                                                                                                       |                3 |             16 |
|  clk_IBUF_BUFG     | UUT/calc_i/floating_point_2/U0/i_synth/need_combiner.use_3to1_fma.skid_buffer_combiner/reg1_a_tdata   |                                                                                                                                                                     |                4 |             21 |
|  clk_IBUF_BUFG     | aclken3                                                                                               | UUT/calc_i/floating_point_1/U0/i_synth/ADDSUB_OP.ADDSUB/SPEED_OP.DSP.OP/DSP48E1_BODY.EXP/DEC_STATE_PRE_OP_DELAY/i_pipe/SR[0]                                        |                3 |             22 |
|  clk_IBUF_BUFG     | aclken3                                                                                               | UUT/calc_i/floating_point_0/U0/i_synth/FMA_OP.OP/addsub/add/EXP/conv_exp.downsize_exp/STATE_DELAY/i_pipe/SR[0]                                                      |                4 |             22 |
|  clk_IBUF_BUFG     | aclken3                                                                                               | UUT/calc_i/floating_point_2/U0/i_synth/FMA_OP.OP/addsub/add/EXP/conv_exp.downsize_exp/STATE_DELAY/i_pipe/SR[0]                                                      |                5 |             22 |
|  clk_IBUF_BUFG     | aclken3                                                                                               | UUT/calc_i/floating_point_0/U0/i_synth/FMA_OP.OP/addsub/add/EXP/A_ZERO_DELAY/i_pipe/opt_has_pipe.first_q_reg[2]_0                                                   |                6 |             24 |
|  clk_IBUF_BUFG     | aclken3                                                                                               | UUT/calc_i/floating_point_2/U0/i_synth/FMA_OP.OP/addsub/add/EXP/A_ZERO_DELAY/i_pipe/opt_has_pipe.first_q_reg[2]_0                                                   |                8 |             24 |
|  clk_IBUF_BUFG     | aclken3                                                                                               | UUT/calc_i/floating_point_0/U0/i_synth/sclr_i                                                                                                                       |                5 |             26 |
|  clk_IBUF_BUFG     | aclken3                                                                                               | UUT/calc_i/floating_point_2/U0/i_synth/sclr_i                                                                                                                       |                7 |             26 |
|  wr_clk_BUFG       | Temp[9][31]_i_1_n_0                                                                                   |                                                                                                                                                                     |               10 |             32 |
|  clk_IBUF_BUFG     | UUT/calc_i/floating_point_0/U0/i_synth/need_combiner.use_3to1_fma.skid_buffer_combiner/reg1_c_tdata   |                                                                                                                                                                     |                6 |             32 |
|  clk_IBUF_BUFG     | UUT/calc_i/floating_point_0/U0/i_synth/need_combiner.use_3to1_fma.skid_buffer_combiner/reg1_b_tdata_0 |                                                                                                                                                                     |                6 |             32 |
|  clk_IBUF_BUFG     | aclken3                                                                                               | UUT/calc_i/floating_point_2/U0/i_synth/FMA_OP.OP/addsub/add/NORM/LZE/ZERO_DET_CC_1/opt_has_pipe.first_q_reg[50]_0                                                   |                6 |             32 |
|  clk_IBUF_BUFG     | UUT/calc_i/floating_point_2/U0/i_synth/need_combiner.use_3to1_fma.skid_buffer_combiner/reg1_c_tdata   |                                                                                                                                                                     |                6 |             32 |
|  clk_IBUF_BUFG     | aclken3                                                                                               | UUT/calc_i/floating_point_0/U0/i_synth/FMA_OP.OP/addsub/add/NORM/LZE/ZERO_DET_CC_1/opt_has_pipe.first_q_reg[50]_0                                                   |                5 |             32 |
|  wr_clk_BUFG       | Temp[13][31]_i_1_n_0                                                                                  |                                                                                                                                                                     |                7 |             32 |
|  wr_clk_BUFG       | Temp[12][31]_i_1_n_0                                                                                  |                                                                                                                                                                     |               15 |             32 |
|  wr_clk_BUFG       | Temp[14][31]_i_1_n_0                                                                                  |                                                                                                                                                                     |               16 |             32 |
|  wr_clk_BUFG       | Temp[11][31]_i_1_n_0                                                                                  |                                                                                                                                                                     |               16 |             32 |
|  wr_clk_BUFG       | Temp[10][31]_i_1_n_0                                                                                  |                                                                                                                                                                     |                5 |             32 |
|  clk_IBUF_BUFG     | UUT/calc_i/floating_point_2/U0/i_synth/need_combiner.use_3to1_fma.skid_buffer_combiner/reg1_b_tdata_0 |                                                                                                                                                                     |                5 |             32 |
|  clk_IBUF_BUFG     | UUT/calc_i/floating_point_1/U0/i_synth/need_combiner.use_2to1.skid_buffer_combiner/reg1_b_tdata       |                                                                                                                                                                     |                9 |             32 |
|  clk_IBUF_BUFG     | UUT/calc_i/floating_point_1/U0/i_synth/need_combiner.use_2to1.skid_buffer_combiner/reg1_a_tdata       |                                                                                                                                                                     |                9 |             32 |
|  wr_clk_BUFG       | Temp[0][31]_i_1_n_0                                                                                   |                                                                                                                                                                     |                5 |             32 |
|  wr_clk_BUFG       | Temp                                                                                                  |                                                                                                                                                                     |               11 |             32 |
|  wr_clk_BUFG       | Temp[15][31]_i_1_n_0                                                                                  |                                                                                                                                                                     |                9 |             32 |
|  wr_clk_BUFG       | Temp[16][31]_i_1_n_0                                                                                  |                                                                                                                                                                     |                8 |             32 |
|  wr_clk_BUFG       | Temp[1][31]_i_1_n_0                                                                                   |                                                                                                                                                                     |                5 |             32 |
|  wr_clk_BUFG       | Temp[2][31]_i_1_n_0                                                                                   |                                                                                                                                                                     |                5 |             32 |
|  wr_clk_BUFG       | Temp[3][31]_i_1_n_0                                                                                   |                                                                                                                                                                     |                8 |             32 |
|  wr_clk_BUFG       | Temp[4][31]_i_1_n_0                                                                                   |                                                                                                                                                                     |                8 |             32 |
|  wr_clk_BUFG       | Temp[5][31]_i_1_n_0                                                                                   |                                                                                                                                                                     |               15 |             32 |
|  wr_clk_BUFG       | Temp[6][31]_i_1_n_0                                                                                   |                                                                                                                                                                     |               12 |             32 |
|  wr_clk_BUFG       | Temp[7][31]_i_1_n_0                                                                                   |                                                                                                                                                                     |                9 |             32 |
|  wr_clk_BUFG       | Temp[8][31]_i_1_n_0                                                                                   |                                                                                                                                                                     |               12 |             32 |
|  clk_out_OBUF_BUFG | FIFO/U0/inst_fifo_gen/gconvfifo.rf/grf.rf/gntv_or_sync_fifo.gl0.rd/gras.rsts/E[0]                     | FIFO/U0/inst_fifo_gen/gconvfifo.rf/grf.rf/rstblk/gc0.count_reg[0][2]                                                                                                |                8 |             34 |
|  clk_IBUF_BUFG     |                                                                                                       | reset_IBUF                                                                                                                                                          |                9 |             37 |
|  wr_clk_BUFG       | FIFO/U0/inst_fifo_gen/gconvfifo.rf/grf.rf/gntv_or_sync_fifo.gl0.wr/gwas.wsts/sel                      | FIFO/U0/inst_fifo_gen/gconvfifo.rf/grf.rf/rstblk/Q[1]                                                                                                               |                7 |             42 |
|  wr_clk_BUFG       |                                                                                                       | FIFO/U0/inst_fifo_gen/gconvfifo.rf/grf.rf/rstblk/Q[0]                                                                                                               |               15 |             56 |
|  clk_out_OBUF_BUFG |                                                                                                       | FIFO/U0/inst_fifo_gen/gconvfifo.rf/grf.rf/rstblk/gc0.count_reg[0][1]                                                                                                |               16 |             56 |
|  clk_IBUF_BUFG     | UUT/E[0]                                                                                              |                                                                                                                                                                     |               13 |             64 |
|  clk_IBUF_BUFG     | UUT/result_input3_reg[0][0]                                                                           |                                                                                                                                                                     |               12 |             64 |
|  clk_IBUF_BUFG     | A                                                                                                     |                                                                                                                                                                     |               16 |             64 |
|  wr_clk_BUFG       |                                                                                                       | reset_IBUF                                                                                                                                                          |               42 |            118 |
|  wr_clk_BUFG       | TempOld                                                                                               | reset_IBUF                                                                                                                                                          |              169 |            608 |
|  clk_IBUF_BUFG     | aclken3                                                                                               |                                                                                                                                                                     |              513 |           2236 |
+--------------------+-------------------------------------------------------------------------------------------------------+---------------------------------------------------------------------------------------------------------------------------------------------------------------------+------------------+----------------+


